| test.c:8:20:8:31 | test.c:8:20:8:31 | Engine may not be properly initialized |
