| test.c:12:25:15:1 | {...} |
| test.c:16:24:18:1 | {...} |
| test.c:92:23:92:28 | {...} |
| test.c:93:24:93:29 | {...} |
