| MissingMinVersionTLS.go:25:14:25:25 | struct literal | TLS.Config.MinVersion is never set for variable $@  | MissingMinVersionTLS.go:25:3:25:8 | config | config |
| MissingMinVersionTLS.go:35:14:37:3 | struct literal | TLS.Config.MinVersion is never set for variable $@  | MissingMinVersionTLS.go:35:3:35:8 | config | config |
| MissingMinVersionTLS.go:50:13:50:24 | struct literal | TLS.Config.MinVersion is never set for variable $@  | MissingMinVersionTLS.go:50:3:50:8 | config | config |
| MissingMinVersionTLS.go:61:13:61:24 | struct literal | TLS.Config.MinVersion is never set for variable $@  | MissingMinVersionTLS.go:61:3:61:8 | config | config |
| MissingMinVersionTLS.go:91:12:91:23 | struct literal | TLS.Config.MinVersion is never set for variable $@  | MissingMinVersionTLS.go:110:3:110:3 | c | c |
| MissingMinVersionTLS.go:103:12:105:2 | struct literal | TLS.Config.MinVersion is never set for variable $@  | MissingMinVersionTLS.go:118:3:118:3 | c | c |
| MissingMinVersionTLS.go:103:12:105:2 | struct literal | TLS.Config.MinVersion is never set for variable $@  | MissingMinVersionTLS.go:149:3:149:3 | c | c |
| MissingMinVersionTLS.go:126:23:126:62 | struct literal | TLS.Config.MinVersion is never set for variable $@  | MissingMinVersionTLS.go:126:3:126:3 | c | c |
| MissingMinVersionTLS.go:135:10:135:49 | struct literal | TLS.Config.MinVersion is never set for variable $@  | MissingMinVersionTLS.go:135:3:135:5 | tmp | tmp |
| MissingMinVersionTLS.go:135:10:135:49 | struct literal | TLS.Config.MinVersion is never set for variable $@  | MissingMinVersionTLS.go:136:3:136:3 | c | c |
| MissingMinVersionTLS.go:142:23:142:62 | struct literal | TLS.Config.MinVersion is never set for variable $@  | MissingMinVersionTLS.go:142:3:142:3 | c | c |
| MissingMinVersionTLS.go:149:23:149:62 | struct literal | TLS.Config.MinVersion is never set for variable $@  | MissingMinVersionTLS.go:149:3:149:3 | c | c |
| MissingMinVersionTLS.go:168:16:168:55 | struct literal | TLS.Config.MinVersion is never set for variable $@  | MissingMinVersionTLS.go:167:3:167:5 | srv | srv |
| MissingMinVersionTLS.go:171:16:171:55 | struct literal | TLS.Config.MinVersion is never set for variable $@  | MissingMinVersionTLS.go:170:3:170:6 | srv2 | srv2 |
| MissingMinVersionTLS.go:176:9:176:48 | struct literal | TLS.Config.MinVersion is never set for variable $@  | MissingMinVersionTLS.go:182:3:182:6 | srv3 | srv3 |
