| NonTrivialSignalHandler.c:15:6:15:19 | unsafe_handler | Signal handler registered |
