| test.c:10:3:10:17 | call to EVP_EncryptInit | test.c:14:3:14:19 | call to EVP_EncryptUpdate | test.c:15:3:15:18 | call to EVP_EncryptFinal |
