| test.c:70:40:70:42 | KEY |
| test.c:70:45:70:46 | IV |
| test.c:96:23:96:27 | plain |
| test.c:96:35:96:40 | cipher |
| test.c:96:57:96:59 | KEY |
| test.c:96:62:96:63 | IV |
| test.c:98:24:98:26 | KEY |
| test.c:99:23:99:24 | IV |
| test.c:100:23:100:27 | plain |
| test.c:100:35:100:40 | cipher |
| test.c:103:29:103:34 | cipher |
| test.c:103:42:103:46 | plain |
