| test.c:13:34:13:37 | test.c:13:34:13:37 | EVP_BytesToKey parameter data is initialized using static data from s_PASSWORD |
