| test.c:9:3:9:20 | test.c:9:3:9:20 | Key size (16 bytes) does not match the expected key size for the encryption algorithm (32 bytes) |
