| test.c:4:18:4:23 | test.c:4:18:4:23 | Bignum is initialized with random data but is not zeroized before it goes out of scope |
